BOOTSTRAP ref=d9681bcb077f3fb7821d83830f9142297ec82cd8 sha=d9681bcb077f3fb7821d83830f9142297ec82cd8
warning: `VIRTUAL_ENV=/root/.cache/uv/environments-v2/run-node-aca24d34c2eff8b0` does not match the project environment path `.venv` and will be ignored; use `--active` to target the active environment instead
Using CPython 3.12.12 interpreter at: /usr/local/bin/python3
Creating virtual environment at: .venv
Downloading scipy (33.7MiB)
Downloading torch (182.9MiB)
Downloading networkx (2.0MiB)
Downloading scikit-learn (8.7MiB)
Downloading hf-xet (4.2MiB)
Downloading pillow (6.6MiB)
Downloading numpy (15.9MiB)
Downloading sympy (6.0MiB)
Downloading timm (2.5MiB)
Downloading torchvision (1.8MiB)
 Downloaded torchvision
 Downloaded hf-xet
 Downloaded timm
 Downloaded networkx
 Downloaded pillow
 Downloaded scikit-learn
 Downloaded numpy
 Downloaded sympy
 Downloaded scipy
 Downloaded torch
Installed 32 packages in 553ms
PROVENANCE {"git_sha": "d9681bcb077f3fb7821d83830f9142297ec82cd8", "stage": "collapse", "cgroup_cpu_quota": 8, "os_cpu_count": 64, "torch": "2.13.0+cpu", "numpy": "2.5.1", "python": "3.12.12", "machine": "x86_64", "cuda_available": false, "hf_job_flavor": "cpu-upgrade"}

--- machinery verification ---
linear   {"fd_max_abs_err": 4.703780848982694e-12, "H_scale": 0.0021443825276772333, "M_fro": 3.7689174493675577e-16, "H_eff_fro": 0.11137160172084436, "identity_G_plus_M_err": 0.0, "asymmetry": 4.639406940619593e-16, "M_over_Heff": 3.3840919867655683e-15}
swish    {"fd_max_abs_err": 5.432593068975533e-12, "H_scale": 0.0022898200536144828, "M_fro": 0.06311897665137406, "H_eff_fro": 0.1283109630313815, "identity_G_plus_M_err": 0.0, "asymmetry": 5.069874688641166e-16, "M_over_Heff": 0.4919219305986879}
machinery_ok = True
CONFIG {"activation": "swish", "init": "normal", "epochs": 15, "batch_size": 256, "seed": 0, "lr": 0.05, "momentum": 0.9, "hess_batches": 5, "hess_samples": 8, "use_bn": false, "eig_tol": 1e-10, "objective": "simsiam_negative_cosine", "dataset": "cifar10", "backbone": "resnet18_cifar", "head": "512-2048-2048 / 2048-512-2048, bias-free"}
DATA fetched cifar-10-python.tar.gz (170,498,071 B) in 2105.2s
SAMPLE0_COS {"H_eff_lambda_min": -0.0023561960618378505, "H_eff_lambda_max": 0.0022590605149449116, "H_eff_n_neg": 272, "H_eff_fro": 0.010502453790427236, "G_lambda_min": -0.0023738061196995775, "G_lambda_max": 0.0021497073306655603, "G_n_neg": 511, "G_fro": 0.004471512649381673, "M_lambda_min": -0.0010551448018606433, "M_lambda_max": 0.0011648981282395602, "M_n_neg": 242, "M_fro": 0.009766416439478492, "H_eff_tan_lambda_min": -0.0012344455264921162, "H_eff_tan_lambda_max": 0.0010708078992690945, "H_eff_tan_n_neg": 272, "H_eff_tan_fro": 0.010041123218121827, "G_tan_lambda_min": -0.0005314179753785547, "G_tan_lambda_max": -1.4241309972138916e-20, "G_tan_n_neg": 511, "G_tan_fro": 0.003144555786466866, "H_L_lambda_min": -0.7712516574074566, "H_L_lambda_max": 0.7474316383735283, "H_L_n_neg": 2047, "H_L_fro": 1.5213053206884228, "H_L_tan_lambda_min": -0.023820019033869638, "H_L_tan_lambda_max": 5.114861391554296e-18, "H_L_tan_n_neg": 2047, "H_L_tan_fro": 1.0777077985085426, "M_over_Heff_fro": 0.9299175825348904, "H_L_is_psd": false, "H_L_tan_is_psd": false}
SAMPLE0_MSE {"H_eff_lambda_min": -0.006909491261194936, "H_eff_lambda_max": 0.02578676129869999, "H_eff_n_neg": 148, "H_eff_fro": 0.17092976940201898, "G_lambda_min": 2.5785595684778117e-09, "G_lambda_max": 0.022313513987962583, "G_n_neg": 0, "G_fro": 0.13276329434644105, "M_lambda_min": -0.009677395863770005, "M_lambda_max": 0.010987766402742304, "M_n_neg": 232, "M_fro": 0.0914695483509463, "H_eff_tan_lambda_min": -0.006953117438426929, "H_eff_tan_lambda_max": 0.02574552854894154, "H_eff_tan_n_neg": 148, "H_eff_tan_fro": 0.1702314597285127, "G_tan_lambda_min": 3.4243971752812877e-19, "G_tan_lambda_max": 0.0223097208538304, "G_tan_n_neg": 0, "G_tan_fro": 0.13201315171056988, "H_L_lambda_min": 1.0, "H_L_lambda_max": 1.0, "H_L_n_neg": 0, "H_L_fro": 45.254833995939045, "H_L_tan_lambda_min": -5.860367450117178e-99, "H_L_tan_lambda_max": 1.000000000000012, "H_L_tan_n_neg": 0, "H_L_tan_fro": 45.243784103453784, "M_over_Heff_fro": 0.5351294199421408, "H_L_is_psd": true, "H_L_tan_is_psd": true}